
> app-tmp@0.1.0 build
> next build

  Γû▓ Next.js 14.2.15

   Creating an optimized production build ...
 Γ£ô Compiled successfully
   Skipping validation of types
   Skipping linting
   Collecting page data ...
   Generating static pages (0/10) ...
   Generating static pages (2/10) 
node.exe : The width(-1) 
and height(-1) of chart 
should be greater than 0,
At line:1 char:1
+ & "C:\Program 
Files\nodejs/node.exe" 
"C:\Program 
Files\nodejs/node_mo ...
+ ~~~~~~~~~~~~~~~~~~~~~~~~~
~~~~~~~~~~~~~~~~~~~~~~~~~~~
~~~~~~~~~~~~~~~~~
    + CategoryInfo         
 : NotSpecified: (The 
width(    -1) a...greater 
than 0,:String) [], 
RemoteException
    + 
FullyQualifiedErrorId : 
NativeCommandError
 
       please check the 
style of container, or the 
props width(100%) and 
height(100%),
       or add a 
minWidth(0) or 
minHeight(undefined) or 
use aspect(undefined) to 
control the
       height and width.
   Generating static pages (4/10) 
   Generating static pages (7/10) 
 Γ£ô Generating static pages (10/10)
   Finalizing page optimization ...
   Collecting build traces ...

Route (app)                              Size     First Load JS
Γöî Γùï /                                    235 kB          390 kB
Γö£ Γùï /_not-found                          876 B          88.7 kB
Γö£ Γùï /ats-analysis                        24 kB           179 kB
Γö£ Γùï /dashboard                           36.5 kB         256 kB
Γö£ Γùï /pricing                             5.06 kB         169 kB
Γö£ Γùï /profile                             4.04 kB         151 kB
Γöö Γùï /resume-builder                      53.8 kB         288 kB
+ First Load JS shared by all            87.9 kB
  Γö£ chunks/117-15a17e97320dd3ec.js       31.8 kB
  Γö£ chunks/fd9d1056-19c32173f14cc2a8.js  53.6 kB
  Γöö other shared chunks (total)          2.47 kB


Γùï  (Static)  prerendered as static content

