src/components/landing/ColorBends.tsx(207,14): error TS2339: Property 'addEventListener' does not exist on type 'never'.
